// Jest Snapshot v1, https://goo.gl/fbAQLP

exports[`ItemCard renders correctly 1`] = `
<DocumentFragment>
  <p>
    test-nametest-id
  </p>
</DocumentFragment>
`;
